// Jest Snapshot v1, https://goo.gl/fbAQLP

exports[`render App 1`] = `
<div
  className="search-bar"
>
  <form>
    <input
      id="searchbartext"
      onChange={[MockFunction]}
    />
  </form>
</div>
`;

exports[`render search Bar`] = `
<div
      className="search-bar"
    >
      <form>
        <input
          id="searchbartext"
         onChange={[MockFunction]}
        />
      </form>
    </div>
`;
